// Jest Snapshot v1, https://goo.gl/fbAQLP

exports[`Field should render examples 1`] = `
"<div>
  <div>
    <form>
      <div class=\\"o-field\\">
        <label for=\\"\\" class=\\"c-label\\">I'm a label</label>
        <textarea placeholder=\\"I'm a textarea\\" class=\\"c-textarea\\" id=\\"idField\\"></textarea>
      </div>
    </form>
  </div>
</div>"
`;
