// Jest Snapshot v1, https://goo.gl/fbAQLP

exports[`ListItemText should render examples 1`] = `
"<div>
  <div>
    <div class=\\"c-list-text\\">
      <div class=\\"g-text u-ellipsis\\">I'm a list item text</div>
    </div>
  </div>
</div>"
`;
