// Jest Snapshot v1, https://goo.gl/fbAQLP

exports[`Radio should render examples 1`] = `
"<div>
  <div>
    <form>
      <div>
        <label class=\\"c-input-radio\\">
          <input type=\\"radio\\" value=\\"radioValue1\\" name=\\"radioForm\\"><span>This is a radio button</span></label>
        <label class=\\"c-input-radio\\">
          <input type=\\"radio\\" value=\\"radioValue2\\" name=\\"radioForm\\"><span>This is also a radio button</span></label>
      </div>
    </form>
  </div>
</div>"
`;
