// Jest Snapshot v1, https://goo.gl/fbAQLP

exports[`ActionMenu should support null children 1`] = `
<div
  className="styles__c-actionmenu___22Fp1 styles__c-actionmenu--inline___1SXZa"
>
  <ActionMenuItem
    contentSpacing="xs"
  >
    Item 1
  </ActionMenuItem>
</div>
`;
